[dexjoco-control] label=blocking_stride25 run_dir=/data_all/share/dexjoco_fastwam_results/dexjoco_water_plant_text_failure_2cam_proprio_1e-4/2026-06-29_00-21-57 policy=127.0.0.1:46235
[dexjoco-control] mode=blocking replan=25 horizon=32 overlap=7 lpf=None
[dexjoco-control] tasks=1 episodes=12
[dexjoco-control] output=/data_all/share/FastWAM_zhaoyc_failure/artifacts/evals/text_concat_7k12k_coarse50_multigpu_g0123_20260701_1350/concat_step_011000_seed0_50_600step/shard_3

[dexjoco-control] task=water_plant
  episode 1/12 seed=38
    -> success=True steps=258 elapsed=43.5s jerk=0.10041447191906627
  episode 2/12 seed=39
    -> success=True steps=324 elapsed=34.2s jerk=0.1111154614698998
  episode 3/12 seed=40
    -> success=True steps=260 elapsed=22.7s jerk=0.11223230835830056
  episode 4/12 seed=41
    -> success=True steps=328 elapsed=31.8s jerk=0.14056494301813513
  episode 5/12 seed=42
    -> success=True steps=234 elapsed=23.3s jerk=0.19404194652552492
  episode 6/12 seed=43
    -> success=False steps=600 elapsed=53.2s jerk=0.1566415640983394
  episode 7/12 seed=44
    -> success=True steps=262 elapsed=26.3s jerk=0.4465723344626335
  episode 8/12 seed=45
    -> success=True steps=238 elapsed=23.5s jerk=0.25829758738183367
  episode 9/12 seed=46
    -> success=True steps=247 elapsed=23.5s jerk=0.43869674681704873
  episode 10/12 seed=47
    -> success=True steps=254 elapsed=26.8s jerk=0.11908379371558862
  episode 11/12 seed=48
    -> success=True steps=284 elapsed=27.8s jerk=0.10591743153962471
  episode 12/12 seed=49
    -> success=True steps=269 elapsed=27.2s jerk=0.10519035738170816
[dexjoco-control] water_plant: 11/12 (91.7%)

[dexjoco-control] overall: 11/12 (91.7%)
[dexjoco-control] summary=/data_all/share/FastWAM_zhaoyc_failure/artifacts/evals/text_concat_7k12k_coarse50_multigpu_g0123_20260701_1350/concat_step_011000_seed0_50_600step/shard_3/summary.json
