[dexjoco-control] label=blocking_stride25 run_dir=/data_all/share/dexjoco_fastwam_results/dexjoco_water_plant_text_failure_2cam_proprio_1e-4/2026-06-29_00-21-57 policy=127.0.0.1:33291
[dexjoco-control] mode=blocking replan=25 horizon=32 overlap=7 lpf=None
[dexjoco-control] tasks=1 episodes=13
[dexjoco-control] output=/data_all/share/FastWAM_zhaoyc_failure/artifacts/evals/text_concat_7k12k_coarse50_multigpu_g0123_20260701_1350/concat_step_012000_seed0_50_600step/shard_0

[dexjoco-control] task=water_plant
  episode 1/13 seed=0
    -> success=True steps=251 elapsed=53.9s jerk=0.2553410688228157
  episode 2/13 seed=1
    -> success=False steps=600 elapsed=72.3s jerk=0.16172508564606358
  episode 3/13 seed=2
    -> success=True steps=287 elapsed=27.2s jerk=0.08970133398839256
  episode 4/13 seed=3
    -> success=True steps=254 elapsed=29.7s jerk=0.13945283763672386
  episode 5/13 seed=4
    -> success=True steps=255 elapsed=26.8s jerk=0.20573565892492357
  episode 6/13 seed=5
    -> success=False steps=600 elapsed=50.9s jerk=0.1058940066921721
  episode 7/13 seed=6
    -> success=True steps=239 elapsed=20.3s jerk=0.11165003461236692
  episode 8/13 seed=7
    -> success=True steps=328 elapsed=23.9s jerk=0.12456085849439073
  episode 9/13 seed=8
    -> success=True steps=285 elapsed=23.8s jerk=0.08754731796339628
  episode 10/13 seed=9
    -> success=True steps=288 elapsed=20.8s jerk=0.176692024107788
  episode 11/13 seed=10
    -> success=True steps=232 elapsed=23.6s jerk=0.28880947826673153
  episode 12/13 seed=11
    -> success=True steps=289 elapsed=26.4s jerk=0.10993263228611456
  episode 13/13 seed=12
    -> success=False steps=600 elapsed=47.3s jerk=0.09189527390219496
[dexjoco-control] water_plant: 10/13 (76.9%)

[dexjoco-control] overall: 10/13 (76.9%)
[dexjoco-control] summary=/data_all/share/FastWAM_zhaoyc_failure/artifacts/evals/text_concat_7k12k_coarse50_multigpu_g0123_20260701_1350/concat_step_012000_seed0_50_600step/shard_0/summary.json
