[dexjoco-control] label=blocking_stride25 run_dir=/data_all/share/dexjoco_fastwam_results/dexjoco_water_plant_text_failure_2cam_proprio_1e-4/2026-06-29_00-21-57 policy=127.0.0.1:41903
[dexjoco-control] mode=blocking replan=25 horizon=32 overlap=7 lpf=None
[dexjoco-control] tasks=1 episodes=13
[dexjoco-control] output=/data_all/share/FastWAM_zhaoyc_failure/artifacts/evals/text_concat_7k12k_coarse50_multigpu_g0123_20260701_1350/concat_step_007000_seed0_50_600step/shard_0

[dexjoco-control] task=water_plant
  episode 1/13 seed=0
    -> success=False steps=194 elapsed=30.7s jerk=0.5234395024987558
  episode 2/13 seed=1
    -> success=False steps=600 elapsed=44.9s jerk=0.35508720300169694
  episode 3/13 seed=2
    -> success=True steps=402 elapsed=30.9s jerk=0.233983001941815
  episode 4/13 seed=3
    -> success=False steps=600 elapsed=44.8s jerk=0.17483149423422822
  episode 5/13 seed=4
    -> success=True steps=279 elapsed=22.1s jerk=0.1855304570135657
  episode 6/13 seed=5
    -> success=False steps=600 elapsed=44.3s jerk=0.17156231124265536
  episode 7/13 seed=6
    -> success=True steps=259 elapsed=20.4s jerk=0.17250082344686474
  episode 8/13 seed=7
    -> success=False steps=151 elapsed=13.4s jerk=0.294710026691424
  episode 9/13 seed=8
    -> success=True steps=253 elapsed=21.0s jerk=0.16310388198589898
  episode 10/13 seed=9
    -> success=True steps=221 elapsed=17.5s jerk=0.23503032030716334
  episode 11/13 seed=10
    -> success=False steps=600 elapsed=44.5s jerk=0.3658973573517042
  episode 12/13 seed=11
    -> success=True steps=266 elapsed=20.8s jerk=0.18773492397458263
  episode 13/13 seed=12
    -> success=False steps=600 elapsed=44.3s jerk=0.18478803354686119
[dexjoco-control] water_plant: 6/13 (46.2%)

[dexjoco-control] overall: 6/13 (46.2%)
[dexjoco-control] summary=/data_all/share/FastWAM_zhaoyc_failure/artifacts/evals/text_concat_7k12k_coarse50_multigpu_g0123_20260701_1350/concat_step_007000_seed0_50_600step/shard_0/summary.json
