[dexjoco-control] label=blocking_stride25 run_dir=/data_all/share/dexjoco_fastwam_results/dexjoco_water_plant_text_failure_2cam_proprio_1e-4/2026-06-29_00-21-57 policy=127.0.0.1:40705
[dexjoco-control] mode=blocking replan=25 horizon=32 overlap=7 lpf=None
[dexjoco-control] tasks=1 episodes=12
[dexjoco-control] output=/data_all/share/FastWAM_zhaoyc_failure/artifacts/evals/text_concat_7k12k_coarse50_multigpu_g0123_20260701_1350/concat_step_008000_seed0_50_600step/shard_2

[dexjoco-control] task=water_plant
  episode 1/12 seed=26
    -> success=True steps=273 elapsed=31.9s jerk=0.15143728155876438
  episode 2/12 seed=27
    -> success=True steps=237 elapsed=22.8s jerk=0.14467810560414132
  episode 3/12 seed=28
    -> success=True steps=307 elapsed=29.0s jerk=0.16543988906702056
  episode 4/12 seed=29
    -> success=False steps=600 elapsed=53.1s jerk=0.14378610419040938
  episode 5/12 seed=30
    -> success=False steps=600 elapsed=52.3s jerk=0.13052177110867555
  episode 6/12 seed=31
    -> success=False steps=600 elapsed=47.4s jerk=0.1708430065570966
  episode 7/12 seed=32
    -> success=True steps=247 elapsed=19.9s jerk=0.17208318348441806
  episode 8/12 seed=33
    -> success=True steps=277 elapsed=23.8s jerk=0.22367205446416683
  episode 9/12 seed=34
    -> success=False steps=600 elapsed=48.5s jerk=0.1329018326482446
  episode 10/12 seed=35
    -> success=True steps=238 elapsed=20.8s jerk=0.13274355366889198
  episode 11/12 seed=36
    -> success=True steps=259 elapsed=25.1s jerk=0.1331121742522438
  episode 12/12 seed=37
    -> success=True steps=244 elapsed=20.2s jerk=0.22255312178807318
[dexjoco-control] water_plant: 8/12 (66.7%)

[dexjoco-control] overall: 8/12 (66.7%)
[dexjoco-control] summary=/data_all/share/FastWAM_zhaoyc_failure/artifacts/evals/text_concat_7k12k_coarse50_multigpu_g0123_20260701_1350/concat_step_008000_seed0_50_600step/shard_2/summary.json
