[dexjoco-control] label=blocking_stride25 run_dir=/data_all/share/dexjoco_fastwam_results/dexjoco_water_plant_text_failure_2cam_proprio_1e-4/2026-06-29_00-21-57 policy=127.0.0.1:38149
[dexjoco-control] mode=blocking replan=25 horizon=32 overlap=7 lpf=None
[dexjoco-control] tasks=1 episodes=12
[dexjoco-control] output=/data_all/share/FastWAM_zhaoyc_failure/artifacts/evals/text_concat_7k12k_coarse50_multigpu_g0123_20260701_1350/concat_step_009000_seed0_50_600step/shard_2

[dexjoco-control] task=water_plant
  episode 1/12 seed=26
    -> success=True steps=283 elapsed=39.1s jerk=0.12508718589870954
  episode 2/12 seed=27
    -> success=False steps=600 elapsed=51.9s jerk=0.12321744481705901
  episode 3/12 seed=28
    -> success=True steps=314 elapsed=30.9s jerk=0.1551401357835111
  episode 4/12 seed=29
    -> success=True steps=259 elapsed=28.3s jerk=0.20258086048617438
  episode 5/12 seed=30
    -> success=False steps=600 elapsed=59.2s jerk=0.22174509570476003
  episode 6/12 seed=31
    -> success=False steps=600 elapsed=55.8s jerk=0.1986485974408412
  episode 7/12 seed=32
    -> success=True steps=304 elapsed=30.8s jerk=0.12441067524649055
  episode 8/12 seed=33
    -> success=True steps=279 elapsed=30.6s jerk=0.14481146435929118
  episode 9/12 seed=34
    -> success=False steps=600 elapsed=54.7s jerk=0.1234927166153655
  episode 10/12 seed=35
    -> success=True steps=269 elapsed=28.2s jerk=0.12599469015325945
  episode 11/12 seed=36
    -> success=True steps=282 elapsed=30.9s jerk=0.22984201532921622
  episode 12/12 seed=37
    -> success=True steps=248 elapsed=24.7s jerk=0.3670733233504906
[dexjoco-control] water_plant: 8/12 (66.7%)

[dexjoco-control] overall: 8/12 (66.7%)
[dexjoco-control] summary=/data_all/share/FastWAM_zhaoyc_failure/artifacts/evals/text_concat_7k12k_coarse50_multigpu_g0123_20260701_1350/concat_step_009000_seed0_50_600step/shard_2/summary.json
