[dexjoco-control] label=blocking_stride25 run_dir=/data_all/share/dexjoco_fastwam_results/dexjoco_water_plant_text_failure_2cam_proprio_1e-4/2026-06-29_00-21-57 policy=127.0.0.1:43791
[dexjoco-control] mode=blocking replan=25 horizon=32 overlap=7 lpf=None
[dexjoco-control] tasks=1 episodes=13
[dexjoco-control] output=/data_all/share/FastWAM_zhaoyc_failure/artifacts/evals/text_concat_7k12k_coarse50_multigpu_g0123_20260701_1350/concat_step_008000_seed0_50_600step/shard_0

[dexjoco-control] task=water_plant
  episode 1/13 seed=0
    -> success=False steps=600 elapsed=61.5s jerk=0.13493524441950297
  episode 2/13 seed=1
    -> success=True steps=256 elapsed=24.1s jerk=0.1930291129818817
  episode 3/13 seed=2
    -> success=True steps=258 elapsed=23.5s jerk=0.13338427036069334
  episode 4/13 seed=3
    -> success=False steps=600 elapsed=52.2s jerk=0.1377584223688446
  episode 5/13 seed=4
    -> success=True steps=256 elapsed=24.2s jerk=0.2991747499010929
  episode 6/13 seed=5
    -> success=False steps=600 elapsed=46.7s jerk=0.14977259009478483
  episode 7/13 seed=6
    -> success=True steps=209 elapsed=17.0s jerk=0.13370144507591275
  episode 8/13 seed=7
    -> success=True steps=249 elapsed=20.3s jerk=0.1721730432831324
  episode 9/13 seed=8
    -> success=True steps=271 elapsed=21.7s jerk=0.1373999659179755
  episode 10/13 seed=9
    -> success=True steps=287 elapsed=24.0s jerk=0.22216929207768357
  episode 11/13 seed=10
    -> success=True steps=229 elapsed=19.7s jerk=0.15312237146470514
  episode 12/13 seed=11
    -> success=True steps=261 elapsed=23.9s jerk=0.12259425995260131
  episode 13/13 seed=12
    -> success=True steps=239 elapsed=21.1s jerk=0.20624070043993903
[dexjoco-control] water_plant: 10/13 (76.9%)

[dexjoco-control] overall: 10/13 (76.9%)
[dexjoco-control] summary=/data_all/share/FastWAM_zhaoyc_failure/artifacts/evals/text_concat_7k12k_coarse50_multigpu_g0123_20260701_1350/concat_step_008000_seed0_50_600step/shard_0/summary.json
