[dexjoco-control] label=blocking_stride25 run_dir=/data_all/share/dexjoco_fastwam_results/dexjoco_water_plant_text_failure_2cam_proprio_1e-4/2026-06-29_00-21-57 policy=127.0.0.1:40393
[dexjoco-control] mode=blocking replan=25 horizon=32 overlap=7 lpf=None
[dexjoco-control] tasks=1 episodes=13
[dexjoco-control] output=/data_all/share/FastWAM_zhaoyc_failure/artifacts/evals/text_concat_7k12k_coarse50_multigpu_g0123_20260701_1350/concat_step_010000_seed0_50_600step/shard_0

[dexjoco-control] task=water_plant
  episode 1/13 seed=0
    -> success=True steps=270 elapsed=43.6s jerk=0.26834321519665755
  episode 2/13 seed=1
    -> success=True steps=274 elapsed=30.5s jerk=0.36555435604361053
  episode 3/13 seed=2
    -> success=True steps=259 elapsed=30.9s jerk=0.1269780194915918
  episode 4/13 seed=3
    -> success=True steps=271 elapsed=27.6s jerk=0.19580782287958387
  episode 5/13 seed=4
    -> success=True steps=280 elapsed=30.0s jerk=0.25581821598273385
  episode 6/13 seed=5
    -> success=False steps=600 elapsed=54.6s jerk=0.11153627877874318
  episode 7/13 seed=6
    -> success=True steps=277 elapsed=30.3s jerk=0.24766334815458818
  episode 8/13 seed=7
    -> success=True steps=333 elapsed=34.2s jerk=0.19849676181902698
  episode 9/13 seed=8
    -> success=False steps=600 elapsed=52.8s jerk=0.1454363874655005
  episode 10/13 seed=9
    -> success=True steps=233 elapsed=22.1s jerk=0.16922008105880254
  episode 11/13 seed=10
    -> success=True steps=249 elapsed=26.8s jerk=0.41995423124266057
  episode 12/13 seed=11
    -> success=True steps=272 elapsed=26.7s jerk=0.11738123078313138
  episode 13/13 seed=12
    -> success=False steps=600 elapsed=48.9s jerk=0.14591334630613742
[dexjoco-control] water_plant: 10/13 (76.9%)

[dexjoco-control] overall: 10/13 (76.9%)
[dexjoco-control] summary=/data_all/share/FastWAM_zhaoyc_failure/artifacts/evals/text_concat_7k12k_coarse50_multigpu_g0123_20260701_1350/concat_step_010000_seed0_50_600step/shard_0/summary.json
