[dexjoco-control] label=blocking_stride25 run_dir=/data_all/share/dexjoco_fastwam_results/dexjoco_water_plant_text_failure_2cam_proprio_1e-4/2026-06-29_00-21-57 policy=127.0.0.1:40065
[dexjoco-control] mode=blocking replan=25 horizon=32 overlap=7 lpf=None
[dexjoco-control] tasks=1 episodes=12
[dexjoco-control] output=/data_all/share/FastWAM_zhaoyc_failure/artifacts/evals/text_concat_7k12k_coarse50_multigpu_g0123_20260701_1350/concat_step_007000_seed0_50_600step/shard_2

[dexjoco-control] task=water_plant
  episode 1/12 seed=26
    -> success=True steps=257 elapsed=27.4s jerk=0.1900742045804566
  episode 2/12 seed=27
    -> success=False steps=600 elapsed=46.6s jerk=0.18156407696247898
  episode 3/12 seed=28
    -> success=True steps=269 elapsed=21.5s jerk=0.17693801921851626
  episode 4/12 seed=29
    -> success=False steps=600 elapsed=45.1s jerk=0.24488941956323923
  episode 5/12 seed=30
    -> success=True steps=374 elapsed=30.4s jerk=0.1835158297651878
  episode 6/12 seed=31
    -> success=False steps=600 elapsed=46.4s jerk=0.3195123907153722
  episode 7/12 seed=32
    -> success=True steps=249 elapsed=19.7s jerk=0.16690540645527935
  episode 8/12 seed=33
    -> success=False steps=600 elapsed=46.6s jerk=0.17179053833701938
  episode 9/12 seed=34
    -> success=False steps=600 elapsed=44.9s jerk=0.17555637576657793
  episode 10/12 seed=35
    -> success=False steps=600 elapsed=45.9s jerk=0.16773226024290191
  episode 11/12 seed=36
    -> success=True steps=263 elapsed=21.1s jerk=0.26992271161170756
  episode 12/12 seed=37
    -> success=True steps=304 elapsed=24.6s jerk=0.6037969880595507
[dexjoco-control] water_plant: 6/12 (50.0%)

[dexjoco-control] overall: 6/12 (50.0%)
[dexjoco-control] summary=/data_all/share/FastWAM_zhaoyc_failure/artifacts/evals/text_concat_7k12k_coarse50_multigpu_g0123_20260701_1350/concat_step_007000_seed0_50_600step/shard_2/summary.json
