[dexjoco-control] label=blocking_stride25 run_dir=/data_all/share/dexjoco_fastwam_results/dexjoco_water_plant_text_failure_2cam_proprio_1e-4/2026-06-29_00-21-57 policy=127.0.0.1:40303
[dexjoco-control] mode=blocking replan=25 horizon=32 overlap=7 lpf=None
[dexjoco-control] tasks=1 episodes=12
[dexjoco-control] output=/data_all/share/FastWAM_zhaoyc_failure/artifacts/evals/text_concat_7k12k_coarse50_multigpu_g0123_20260701_1350/concat_step_012000_seed0_50_600step/shard_2

[dexjoco-control] task=water_plant
  episode 1/12 seed=26
    -> success=True steps=272 elapsed=61.5s jerk=0.09923625475968476
  episode 2/12 seed=27
    -> success=True steps=251 elapsed=45.1s jerk=0.2255617710930037
  episode 3/12 seed=28
    -> success=True steps=321 elapsed=31.3s jerk=0.11214048998155937
  episode 4/12 seed=29
    -> success=True steps=247 elapsed=27.1s jerk=0.4386627481147951
  episode 5/12 seed=30
    -> success=True steps=259 elapsed=29.5s jerk=0.09605132157874478
  episode 6/12 seed=31
    -> success=False steps=600 elapsed=56.1s jerk=0.23855170354022828
  episode 7/12 seed=32
    -> success=True steps=266 elapsed=23.6s jerk=0.09957740910238388
  episode 8/12 seed=33
    -> success=True steps=272 elapsed=20.3s jerk=0.11853983958286268
  episode 9/12 seed=34
    -> success=False steps=600 elapsed=47.7s jerk=0.10279395363377687
  episode 10/12 seed=35
    -> success=True steps=248 elapsed=18.0s jerk=0.1423666168882595
  episode 11/12 seed=36
    -> success=True steps=282 elapsed=29.6s jerk=0.15588759182553205
  episode 12/12 seed=37
    -> success=True steps=226 elapsed=22.5s jerk=0.3807766173267737
[dexjoco-control] water_plant: 10/12 (83.3%)

[dexjoco-control] overall: 10/12 (83.3%)
[dexjoco-control] summary=/data_all/share/FastWAM_zhaoyc_failure/artifacts/evals/text_concat_7k12k_coarse50_multigpu_g0123_20260701_1350/concat_step_012000_seed0_50_600step/shard_2/summary.json
