[dexjoco-control] label=blocking_stride25 run_dir=/data_all/share/dexjoco_fastwam_results/dexjoco_water_plant_text_failure_2cam_proprio_1e-4/2026-06-29_00-21-57 policy=127.0.0.1:35005
[dexjoco-control] mode=blocking replan=25 horizon=32 overlap=7 lpf=None
[dexjoco-control] tasks=1 episodes=12
[dexjoco-control] output=/data_all/share/FastWAM_zhaoyc_failure/artifacts/evals/text_concat_7k12k_coarse50_multigpu_g0123_20260701_1350/concat_step_009000_seed0_50_600step/shard_3

[dexjoco-control] task=water_plant
  episode 1/12 seed=38
    -> success=False steps=600 elapsed=63.0s jerk=0.18533562152431562
  episode 2/12 seed=39
    -> success=True steps=276 elapsed=27.7s jerk=0.13829895660933786
  episode 3/12 seed=40
    -> success=True steps=274 elapsed=27.3s jerk=0.13752300896243574
  episode 4/12 seed=41
    -> success=True steps=350 elapsed=31.7s jerk=0.12855817723334179
  episode 5/12 seed=42
    -> success=True steps=294 elapsed=30.2s jerk=0.17610741638871905
  episode 6/12 seed=43
    -> success=True steps=278 elapsed=33.3s jerk=0.253168933255517
  episode 7/12 seed=44
    -> success=True steps=267 elapsed=31.2s jerk=0.2951706244908976
  episode 8/12 seed=45
    -> success=True steps=253 elapsed=31.7s jerk=0.182208771576207
  episode 9/12 seed=46
    -> success=False steps=270 elapsed=27.4s jerk=0.2684601783446634
  episode 10/12 seed=47
    -> success=False steps=600 elapsed=57.6s jerk=0.11820518375564379
  episode 11/12 seed=48
    -> success=False steps=600 elapsed=55.2s jerk=0.12700735026951818
  episode 12/12 seed=49
    -> success=True steps=294 elapsed=31.5s jerk=0.1354855829211947
[dexjoco-control] water_plant: 8/12 (66.7%)

[dexjoco-control] overall: 8/12 (66.7%)
[dexjoco-control] summary=/data_all/share/FastWAM_zhaoyc_failure/artifacts/evals/text_concat_7k12k_coarse50_multigpu_g0123_20260701_1350/concat_step_009000_seed0_50_600step/shard_3/summary.json
