[dexjoco-control] label=blocking_stride25 run_dir=/data_all/share/dexjoco_fastwam_results/dexjoco_water_plant_text_failure_2cam_proprio_1e-4/2026-06-29_00-21-57 policy=127.0.0.1:39091
[dexjoco-control] mode=blocking replan=25 horizon=32 overlap=7 lpf=None
[dexjoco-control] tasks=1 episodes=12
[dexjoco-control] output=/data_all/share/FastWAM_zhaoyc_failure/artifacts/evals/text_concat_7k12k_coarse50_multigpu_g0123_20260701_1350/concat_step_010000_seed0_50_600step/shard_2

[dexjoco-control] task=water_plant
  episode 1/12 seed=26
    -> success=True steps=280 elapsed=43.9s jerk=0.12809300034059037
  episode 2/12 seed=27
    -> success=True steps=244 elapsed=26.9s jerk=0.19815426390648874
  episode 3/12 seed=28
    -> success=True steps=317 elapsed=31.1s jerk=0.2453042547735903
  episode 4/12 seed=29
    -> success=True steps=242 elapsed=26.7s jerk=0.2770229831493149
  episode 5/12 seed=30
    -> success=False steps=600 elapsed=53.9s jerk=0.10499441372324093
  episode 6/12 seed=31
    -> success=False steps=600 elapsed=50.3s jerk=0.18974055904259648
  episode 7/12 seed=32
    -> success=True steps=243 elapsed=26.1s jerk=0.16042149210681064
  episode 8/12 seed=33
    -> success=True steps=286 elapsed=27.0s jerk=0.1910717065223086
  episode 9/12 seed=34
    -> success=False steps=600 elapsed=48.8s jerk=0.11991924461114367
  episode 10/12 seed=35
    -> success=True steps=247 elapsed=22.2s jerk=0.1808918434214227
  episode 11/12 seed=36
    -> success=True steps=308 elapsed=30.6s jerk=0.21620501100627426
  episode 12/12 seed=37
    -> success=True steps=250 elapsed=26.0s jerk=0.13704387914209115
[dexjoco-control] water_plant: 9/12 (75.0%)

[dexjoco-control] overall: 9/12 (75.0%)
[dexjoco-control] summary=/data_all/share/FastWAM_zhaoyc_failure/artifacts/evals/text_concat_7k12k_coarse50_multigpu_g0123_20260701_1350/concat_step_010000_seed0_50_600step/shard_2/summary.json
