Starting FastWAM async inference server...
  Host: 0.0.0.0
  Port: 38939
  Worker threads: 8
/home/gzr1/miniconda3/envs/residual/lib/python3.10/site-packages/requests/__init__.py:113: RequestsDependencyWarning: urllib3 (2.6.3) or chardet (7.0.1)/charset_normalizer (3.4.5) doesn't match a supported version!
  warnings.warn(
  Config: /data_all/share/dexjoco_fastwam_results/dexjoco_water_plant_text_failure_2cam_proprio_1e-4/2026-06-29_00-21-57/config.yaml
  Checkpoint: /data_all/share/dexjoco_fastwam_results/dexjoco_water_plant_text_failure_2cam_proprio_1e-4/2026-06-29_00-21-57/checkpoints/weights/step_011000.pt
  Load text encoder: False
Loading FastWAM model on cuda:0 ...
  Dataset stats: /data_all/share/dexjoco_fastwam_results/dexjoco_water_plant_text_failure_2cam_proprio_1e-4/2026-06-29_00-21-57/dataset_stats.json
  Action horizon: 32
  Num video frames: 33
  Num inference steps: 10
  Run dir: /data_all/share/dexjoco_fastwam_results/dexjoco_water_plant_text_failure_2cam_proprio_1e-4/2026-06-29_00-21-57
  Device: cuda:0

✓ Async server ready — listening on 0.0.0.0:38939

Async server is ready and listening on tcp://0.0.0.0:38939
/data_all/share/FastWAM_zhaoyc_failure/scripts/policy_io.py:58: UserWarning: The given NumPy array is not writable, and PyTorch does not support non-writable tensors. This means writing to this tensor will result in undefined behavior. You may want to copy the array to protect its data or make it writable before converting it to a tensor. This type of warning will be suppressed for the rest of this program. (Triggered internally at /pytorch/torch/csrc/utils/tensor_numpy.cpp:203.)
  input_image = torch.as_tensor(input_image, dtype=torch.float32)
