[dexjoco-control] label=blocking_stride25 run_dir=/data_all/share/dexjoco_fastwam_results/dexjoco_water_plant_text_failure_2cam_proprio_1e-4/2026-06-29_00-21-57 policy=127.0.0.1:43947
[dexjoco-control] mode=blocking replan=25 horizon=32 overlap=7 lpf=None
[dexjoco-control] tasks=1 episodes=12
[dexjoco-control] output=/data_all/share/FastWAM_zhaoyc_failure/artifacts/evals/text_concat_7k12k_coarse50_multigpu_g0123_20260701_1350/concat_step_008000_seed0_50_600step/shard_3

[dexjoco-control] task=water_plant
  episode 1/12 seed=38
    -> success=True steps=235 elapsed=31.8s jerk=0.2402192192559846
  episode 2/12 seed=39
    -> success=True steps=213 elapsed=20.5s jerk=0.22778736755816859
  episode 3/12 seed=40
    -> success=True steps=287 elapsed=27.5s jerk=0.13846392771392538
  episode 4/12 seed=41
    -> success=True steps=301 elapsed=29.5s jerk=0.1335434947274999
  episode 5/12 seed=42
    -> success=False steps=600 elapsed=53.4s jerk=0.16040702825131822
  episode 6/12 seed=43
    -> success=False steps=600 elapsed=53.2s jerk=0.13139912843654386
  episode 7/12 seed=44
    -> success=True steps=257 elapsed=22.2s jerk=0.14706395649734666
  episode 8/12 seed=45
    -> success=True steps=255 elapsed=22.1s jerk=0.259672763422426
  episode 9/12 seed=46
    -> success=True steps=253 elapsed=25.1s jerk=0.13917784919717396
  episode 10/12 seed=47
    -> success=False steps=600 elapsed=53.6s jerk=0.1343307986257467
  episode 11/12 seed=48
    -> success=False steps=600 elapsed=53.1s jerk=0.15514791132041245
  episode 12/12 seed=49
    -> success=True steps=255 elapsed=21.3s jerk=0.13053576614369045
[dexjoco-control] water_plant: 8/12 (66.7%)

[dexjoco-control] overall: 8/12 (66.7%)
[dexjoco-control] summary=/data_all/share/FastWAM_zhaoyc_failure/artifacts/evals/text_concat_7k12k_coarse50_multigpu_g0123_20260701_1350/concat_step_008000_seed0_50_600step/shard_3/summary.json
