[dexjoco-control] label=blocking_stride25 run_dir=/data_all/share/dexjoco_fastwam_results/dexjoco_water_plant_text_failure_2cam_proprio_1e-4/2026-06-29_00-21-57 policy=127.0.0.1:36843
[dexjoco-control] mode=blocking replan=25 horizon=32 overlap=7 lpf=None
[dexjoco-control] tasks=1 episodes=13
[dexjoco-control] output=/data_all/share/FastWAM_zhaoyc_failure/artifacts/evals/text_concat_7k12k_coarse50_multigpu_g0123_20260701_1350/concat_step_008000_seed0_50_600step/shard_1

[dexjoco-control] task=water_plant
  episode 1/13 seed=13
    -> success=True steps=253 elapsed=29.7s jerk=0.2000060522283216
  episode 2/13 seed=14
    -> success=True steps=253 elapsed=23.9s jerk=0.14215567559597503
  episode 3/13 seed=15
    -> success=True steps=237 elapsed=21.8s jerk=0.1876967557884277
  episode 4/13 seed=16
    -> success=True steps=254 elapsed=23.9s jerk=0.13282295690465068
  episode 5/13 seed=17
    -> success=True steps=293 elapsed=26.1s jerk=0.23422896220665618
  episode 6/13 seed=18
    -> success=True steps=288 elapsed=25.9s jerk=0.13722177042619332
  episode 7/13 seed=19
    -> success=False steps=600 elapsed=50.2s jerk=0.13300493808718628
  episode 8/13 seed=20
    -> success=False steps=600 elapsed=45.7s jerk=0.14582855797631286
  episode 9/13 seed=21
    -> success=True steps=231 elapsed=18.9s jerk=0.2849572125871109
  episode 10/13 seed=22
    -> success=True steps=269 elapsed=21.7s jerk=0.13957451466708148
  episode 11/13 seed=23
    -> success=False steps=600 elapsed=46.6s jerk=0.202815349347715
  episode 12/13 seed=24
    -> success=False steps=600 elapsed=48.8s jerk=0.1479403778075873
  episode 13/13 seed=25
    -> success=True steps=276 elapsed=22.4s jerk=0.2578969070701486
[dexjoco-control] water_plant: 9/13 (69.2%)

[dexjoco-control] overall: 9/13 (69.2%)
[dexjoco-control] summary=/data_all/share/FastWAM_zhaoyc_failure/artifacts/evals/text_concat_7k12k_coarse50_multigpu_g0123_20260701_1350/concat_step_008000_seed0_50_600step/shard_1/summary.json
